{
 "cells": [
  {
   "cell_type": "markdown",
   "id": "6a34fb91-4a11-4a45-b9a7-696f90688818",
   "metadata": {},
   "source": [
    "# Whidbey Island "
   ]
  },
  {
   "cell_type": "raw",
   "id": "d4e76ed9-ee23-4f68-bb3f-ecbf41c2c9d5",
   "metadata": {
    "editable": true,
    "slideshow": {
     "slide_type": ""
    },
    "tags": []
   },
   "source": [
    "### Meeting 9/23/24\n",
    "\n",
    "#### Attendees:\n",
    "William\n",
    "Val\n",
    "Scott\n",
    "Katelyn\n",
    "Shima\n",
    "Sam\n",
    "Isabelle\n",
    "Marine\n",
    "\n",
    "#### Links: \n",
    "Plan:\n",
    "https://docs.google.com/document/d/1esE8AMiwN4UOVYP6EbPRQOl7Q3hTRLrkBa-rDlvupTU/edit#heading=h.rpa9xot5ig8z\n",
    "\n",
    "Storage Options: https://docs.google.com/spreadsheets/d/1gakwZ_zv7UvJioJB11OHhp17nqI7SVI_rzEclE4wjvQ/edit?usp=share_link\n",
    "\n",
    "Equipment Schedule:\n",
    "https://docs.google.com/spreadsheets/d/1oymKR1g6Q-49Vx11wr-0VSFMXnlhzelbVQ8PycAeFcY/edit?gid=0#gid=0\n",
    "\n",
    "#### Topics Covered:\n",
    "- budget\n",
    "- edge compute\n",
    "- amount of data and transfer speeds\n",
    "- plans for on and off time for recording at low bandwidth/high bandwidth based on whales\n",
    "- equipment setup\n",
    "- WhidbeyTel will set us up with a standard residental internet package but the contract is not finalized\n",
    "\n",
    "\n",
    "#### Action Items:\n",
    "- budget recap\n",
    "- order GPU or new CPU+GPU\n",
    "- order new NAS and more drives\n",
    "- plan logistics for Oct 1\n",
    "\n",
    "\n",
    "#### Future Ideas:\n",
    "- We should have a hackathon when the data comes in.\n",
    "- Map of when Orcas will or will not be around.\n",
    "- Surface elevation for tracking.\n",
    "\n",
    "--------------------\n",
    "\n",
    "Deployment: Oct 1st at WhidbeyTel.\n",
    "\n",
    "We have some version of a system - Dell took longer for GPU than we thought it would so it will likely be built out more. \n",
    "\n",
    "Goals right off the ground as written in the proposal: recording full rate data, full bandwidth, for a full day, would be too much.\n",
    "5k/month?\n",
    "\n",
    "Start recording on a second cable sometime in the Spring (shorter cable, higher sampling rate) - but the length of the cable doesn't matter according to calculations. Divide by length, the length is channel spacing and time, and the channel spacing gets longer. Bandwidth decreases for longer cables, so you can record at a higher rate on shorter ones, but you have more channels on the longer one.\n",
    "\n",
    "Bandwidth:\n",
    "100km is 1 khz\n",
    "10km is 10 khz\n",
    "\n",
    "This cable is 40km so it will be about 2khz.\n",
    "Knowing the amount of the cable path on land, on water, bends, etc. could change things a lot.\n",
    "\n",
    "Don't need Edge Compute for the fall because we don't have a model ready. We could start deploying it in the spring.\n",
    "\n",
    "At this point, keep all the data for year 1. Build the labels, build the computing resources in house.\n",
    "\n",
    "Marine budgeted how much it would cost for Hyak (High Performance Computer). Cupa storage (S3 compatible) sounds good for data distribution, but we might have too much data for that cost. We still need storage drives - writing on the drives is the speed that limits, not necesarily the bandwidth. If we have NAS with 36 drives it would take a very long time to copy that to Hyak.\n",
    "\n",
    "Before calculating transfer speeds how much to use COPA S3 compatible system?\n",
    "Storage:\n",
    "200TB: 15k 1 time cost, and 70k for the next 5 years\n",
    "300TB: 90k for 5 years\n",
    "\n",
    "Compute, one slice might be 10k for 5 years, does not account for GPU. GPU will be 40k/50k.\n",
    "\n",
    "15k for Edge in the proposal\n",
    "130k budgeted for compute\n",
    "Where will be do the big analysis before we do the Edge?\n",
    "--> compute for label training and labeling the analysis\n",
    "--> for Edge, we can do a cheaper compute, just need the labels and all\n",
    "\n",
    "Marine spoke to Silicon Mechanics: NAS maybe 500TB, 20-40TB of SSDS fast connected to a GPU machine that will have H400, 4L48s, for the S GPUs... looking for a way to do fast I/O between an SSD which would be the buffer for reading the data, and do all the training in the GPUs so everything is built into the system. Separates Data Acquisition and Edge Compute.\n",
    "\n",
    "Look into optical crossmounts (well known brands like Infiniband) for fast connections between computers at rates like 100 gigs/second. \n",
    "\n",
    "The storage required would be better to build our own system\n",
    "\n",
    "We have 2 small 150TB systems.\n",
    "Full bandwidth, 150 TB (not RAIDED) is 13 days of data collection.\n",
    "\n",
    "Can click a button to quickly turn the system on and off. Between October - December, there will maybe be 5 events where the Orca pods swim by - and we can turn on the high acquisition rate for those events.\n",
    "\n",
    "For about $10k, can build out a 380TB system which can be raided on site or not. Cuts the time in half but would be important for eventual drive failure.\n",
    "\n",
    "Every 20 days to collect 380 TB and 150 TB would be less than half of that (about once a week to collect hard drives). Back to the point that it would take a long time to copy all of the data. Orders of magnitude in the sampling rate really matter.\n",
    "\n",
    "We could do everything in RAID on site, different levels of systems. Smaller systems than the 600lb 84 drive option would be ideal and easier to carry when swapping back and forth.\n",
    "\n",
    "We would not want to optically crossmount RAID 8 to a GPU because it has low performance.\n",
    "Look at it and isolate the valuable data as soon as possible to store in cold storage. We don't want our working machine to be the same as the archive machine.\n",
    "\n",
    "---\n",
    "\n",
    "\n",
    "There is an option to get a GPU up there pretty easily because one was purcahsed for smaller form factor edge system (the one in Homer AK).\n",
    "\n",
    "Fall Edge compute workaround, perhaps streaming 1 or 2 channels of Orca sounds instead of the whole thing. Can listen to more channels than that. Can create new OrcaSound nodes to stream channels which can be chosen from the cable.\n",
    "\n",
    "When building out the setup, the Onyx was allows for two overlapping recording systems running at once with the same pulses on the same fiber. We might be able to have 2khz on 3 channels, and recording something that decimates well (400hz).\n",
    "\n",
    "Same optics can effectively be on the same fiber - check if max sampling rate on one would still allow the other one to run.\n",
    "\n",
    "Full rate goes down to 3.2m gauge length and 1.6m channel spacing. You could run at much lower resolution when trying to do just detection, and could increase resolution at channels where there is a detection.\n",
    "\n",
    "Shima is planning to have a sound source experiment as a side project in the fall - unsure of source level. Lubell system (underwater swimming pool speakers for calibrating hydrophones). OrcaSound has a new functional machine learning tool (from the Hackathon) that can record southern residents.\n",
    "\n",
    "Full rate data will be able to come back to UW, just very slowly.\n",
    "\n",
    "DAS/DTS comparisons, as machine can either be recording temperature or temperature rate. Interesting results from the Greenland data.\n",
    "\n",
    "\n",
    "Profiling buoy - ORCA buoy profiles everything up to fluroescents every 10 minutes or so, not sure if there is an API or some way to access it \n",
    "\n",
    "Combine budget for compute and storage (Marines budget did have a NAS on it).\n",
    "\n",
    "Measure the boxes and make sure they fit in the vehicle.\n",
    "\n",
    "100-200m length cable - we have the one being shipped back from Greenland.\n",
    "\n",
    "Will need to learn about winches - educational day?\n",
    "\n",
    "Shima is hiring a consultant for the San Juan algae survey."
   ]
  },
  {
   "cell_type": "markdown",
   "id": "179a5d2c-0ca7-4115-b8c0-e78c2c930553",
   "metadata": {},
   "source": [
    "### Server Setup\n",
    "\n",
    "RAID6 is being built on CPU (operator@D-10-158-15-21) to eventually be network mounted - similar to the Alaska setup.\n",
    "\n",
    "The 8 disk drives in the NAS were repartitioned as XFS.\n"
   ]
  },
  {
   "cell_type": "code",
   "execution_count": null,
   "id": "b35fab95-ec21-4862-b84e-d77c4e6fe388",
   "metadata": {},
   "outputs": [],
   "source": [
    "### Raid 6 Build\n",
    "\n",
    "katelyn@HUIT-FAS-iMac ~ % ssh operator@10.158.15.21\n",
    "The authenticity of host '10.158.15.21 (10.158.15.21)' can't be established.\n",
    "ED25519 key fingerprint is SHA256:MpgpmQtccg1jTHXEqrhD+vUWxxst8Nz5CyE0uqIZY/U.\n",
    "This key is not known by any other names\n",
    "Are you sure you want to continue connecting (yes/no/[fingerprint])? yes\n",
    "Warning: Permanently added '10.158.15.21' (ED25519) to the list of known hosts.\n",
    "operator@10.158.15.21's password: \n",
    "Last login: Mon Sep 23 15:12:57 2024\n",
    "[operator@D-10-158-15-21 ~]$ lsblk\n",
    "NAME        MAJ:MIN RM   SIZE RO TYPE  MOUNTPOINTS\n",
    "nvme0n1     259:0    0 447.1G  0 disk  \n",
    "├─nvme0n1p1 259:1    0   189M  0 part  \n",
    "│ └─md1       9:1    0 188.9M  0 raid1 /boot/efi\n",
    "├─nvme0n1p2 259:2    0  1002M  0 part  \n",
    "│ └─md2       9:2    0  1001M  0 raid1 /boot\n",
    "├─nvme0n1p3 259:3    0     2G  0 part  \n",
    "│ └─md3       9:3    0     2G  0 raid1 [SWAP]\n",
    "└─nvme0n1p4 259:4    0  24.4G  0 part  \n",
    "  └─md4       9:4    0  24.4G  0 raid1 /\n",
    "nvme1n1     259:5    0 447.1G  0 disk  \n",
    "├─nvme1n1p1 259:6    0   189M  0 part  \n",
    "│ └─md1       9:1    0 188.9M  0 raid1 /boot/efi\n",
    "├─nvme1n1p2 259:7    0  1002M  0 part  \n",
    "│ └─md2       9:2    0  1001M  0 raid1 /boot\n",
    "├─nvme1n1p3 259:8    0     2G  0 part  \n",
    "│ └─md3       9:3    0     2G  0 raid1 [SWAP]\n",
    "└─nvme1n1p4 259:9    0  24.4G  0 part  \n",
    "  └─md4       9:4    0  24.4G  0 raid1 /\n",
    "[operator@D-10-158-15-21 ~]$ ip addr\n",
    "1: lo: <LOOPBACK,UP,LOWER_UP> mtu 65536 qdisc noqueue state UNKNOWN group default qlen 1000\n",
    "    link/loopback 00:00:00:00:00:00 brd 00:00:00:00:00:00\n",
    "    inet 127.0.0.1/8 scope host lo\n",
    "       valid_lft forever preferred_lft forever\n",
    "2: eno8303: <BROADCAST,MULTICAST,UP,LOWER_UP> mtu 1500 qdisc mq state UP group default qlen 1000\n",
    "    link/ether c8:4b:d6:9c:f5:1c brd ff:ff:ff:ff:ff:ff\n",
    "    altname enp137s0f0\n",
    "    inet 10.158.15.21/23 brd 10.158.15.255 scope global dynamic noprefixroute eno8303\n",
    "       valid_lft 431756sec preferred_lft 431756sec\n",
    "3: eno8403: <NO-CARRIER,BROADCAST,MULTICAST,UP> mtu 1500 qdisc mq state DOWN group default qlen 1000\n",
    "    link/ether c8:4b:d6:9c:f5:1d brd ff:ff:ff:ff:ff:ff\n",
    "    altname enp137s0f1\n",
    "4: eno8503: <NO-CARRIER,BROADCAST,MULTICAST,UP> mtu 1500 qdisc mq state DOWN group default qlen 1000\n",
    "    link/ether c8:4b:d6:9c:f5:1e brd ff:ff:ff:ff:ff:ff\n",
    "    altname enp137s0f2\n",
    "5: eno8603: <NO-CARRIER,BROADCAST,MULTICAST,UP> mtu 1500 qdisc mq state DOWN group default qlen 1000\n",
    "    link/ether c8:4b:d6:9c:f5:1f brd ff:ff:ff:ff:ff:ff\n",
    "    altname enp137s0f3\n",
    "[operator@D-10-158-15-21 ~]$ cat /proc/mdstat\n",
    "Personalities : [raid1] [raid6] [raid5] [raid4] \n",
    "md5 : active raid6 sdh1[7] sdg1[6] sdf1[5] sde1[4] sdd1[3] sdc1[2] sdb1[1] sda1[0]\n",
    "      70312230912 blocks super 1.2 level 6, 512k chunk, algorithm 2 [8/8] [UUUUUUUU]\n",
    "      [>....................]  resync =  0.0% (8547184/11718705152) finish=5737.9min speed=34013K/sec\n",
    "      bitmap: 88/88 pages [352KB], 65536KB chunk\n",
    "md1 : active raid1 nvme0n1p1[0] nvme1n1p1[1]\n",
    "      193472 blocks super 1.0 [2/2] [UU]\n",
    "      bitmap: 0/1 pages [0KB], 65536KB chunk\n",
    "md4 : active raid1 nvme1n1p4[1] nvme0n1p4[0]\n",
    "      25582592 blocks super 1.2 [2/2] [UU]\n",
    "      bitmap: 0/1 pages [0KB], 65536KB chunk\n",
    "md2 : active raid1 nvme0n1p2[0] nvme1n1p2[1]\n",
    "      1025024 blocks super 1.2 [2/2] [UU]\n",
    "      bitmap: 0/1 pages [0KB], 65536KB chunk\n",
    "md3 : active raid1 nvme0n1p3[0] nvme1n1p3[1]\n",
    "      2045952 blocks super 1.2 [2/2] [UU]\n",
    "      \n",
    "unused devices: <none>\n"
   ]
  },
  {
   "cell_type": "code",
   "execution_count": null,
   "id": "3b72dd13-8ab8-46b9-aa5e-fe2f0c3abe7e",
   "metadata": {},
   "outputs": [],
   "source": [
    "### zpool\n",
    "\n",
    "(base) kschoedl@Katelyns-MacBook-Pro ~ % ssh sintela@192.168.10.6\n",
    "sintela@ONYX-0186:~$ sudo zpool create -o ashift=12 mypool raidz2 /dev/sdc /dev/sdd /dev/sde /dev/sdf /dev/sdg /dev/sdh /dev/sdi /dev/sdj\n",
    "sintela@ONYX-0186:~$ sudo apt update\n",
    "sintela@ONYX-0186:~$ sudo apt install zfsutils-linux\n",
    "sintela@ONYX-0186:~$ sudo zpool create -o ashift=12 mypool raidz2 /dev/sdc /dev/sdd /dev/sde /dev/sdf /dev/sdg /dev/sdh /dev/sdi /dev/sdj\n",
    "The ZFS modules are not loaded.\n",
    "Try running '/sbin/modprobe zfs' as root to load them.\n",
    "sintela@ONYX-0186:~$ sudo /sbin/modprobe zfs\n",
    "modprobe: FATAL: Module zfs not found in directory /lib/modules/4.9.140-tegra\n",
    "sintela@ONYX-0186:~$ sudo modprobe zfs\n",
    "modprobe: FATAL: Module zfs not found in directory /lib/modules/4.9.140-tegra\n",
    "sintela@ONYX-0186:~$ zpool version\n",
    "The ZFS modules are not loaded.\n",
    "Try running '/sbin/modprobe zfs' as root to load them.\n",
    "sintela@ONYX-0186:~$ sudo shutdown -r now\n",
    "Connection to 192.168.10.6 closed by remote host.\n",
    "Connection to 192.168.10.6 closed.\n",
    "\n",
    "sintela@ONYX-0186:~$ zpool version\n",
    "The ZFS modules are not loaded.\n",
    "Try running '/sbin/modprobe zfs' as root to load them.\n",
    "sintela@ONYX-0186:~$ dmesg | grep ZFS\n",
    "sintela@ONYX-0186:~$ sudo apt install dkms\n",
    "sintela@ONYX-0186:~$ sudo zpool create -o ashift=12 mypool raidz2 /dev/sdc /dev/sdd /dev/sde /dev/sdf /dev/sdg /dev/sdh /dev/sdi /dev/sdj\n",
    "The ZFS modules are not loaded.\n",
    "Try running '/sbin/modprobe zfs' as root to load them.\n",
    "sintela@ONYX-0186:~$ sudo modprobe zfs \n",
    "modprobe: FATAL: Module zfs not found in directory /lib/modules/4.9.140-tegra\n",
    "sintela@ONYX-0186:~$ sudo /sbin/modprobe zfs \n",
    "modprobe: FATAL: Module zfs not found in directory /lib/modules/4.9.140-tegra\n",
    "sintela@ONYX-0186:~$ sudo apt install --reinstall zfsutils-linux\n",
    "sintela@ONYX-0186:~$ sudo /sbin/modprobe zfs \n",
    "modprobe: FATAL: Module zfs not found in directory /lib/modules/4.9.140-tegra\n",
    "sintela@ONYX-0186:~$ sudo zpool create -o ashift=12 mypool raidz2 /dev/sdc /dev/sdd /dev/sde /dev/sdf /dev/sdg /dev/sdh /dev/sdi /dev/sdj\n",
    "The ZFS modules are not loaded.\n",
    "Try running '/sbin/modprobe zfs' as root to load them.\n",
    "sintela@ONYX-0186:~$ cd sbin\n",
    "-bash: cd: sbin: No such file or directory\n",
    "sintela@ONYX-0186:~$ d^\n",
    "-bash: d^: command not found\n",
    "sintela@ONYX-0186:~$ sudo apt install dkms\n",
    "Reading package lists... Done\n",
    "Building dependency tree       \n",
    "Reading state information... Done\n",
    "dkms is already the newest version (2.3-3ubuntu9.7).\n",
    "0 to upgrade, 0 to newly install, 0 to remove and 86 not to upgrade.\n",
    "sintela@ONYX-0186:~$ dmesg | grep ZFS\n",
    "sintela@ONYX-0186:~$ \n",
    "sintela@ONYX-0186:~$ Connection to 192.168.10.6 closed by remote host.\n",
    "Connection to 192.168.10.6 closed.\n",
    "(base) kschoedl@Katelyns-MacBook-Pro ~ % ssh sintela@192.168.10.6\n",
    "sintela@ONYX-0186:~$ lsblk -f\n",
    "NAME         FSTYPE     LABEL  UUID                                 MOUNTPOINT\n",
    "sda                                                                 \n",
    "├─sda1       zfs_member NAS021 17489713076041134293                 \n",
    "└─sda9                                                              \n",
    "sdb                                                                 \n",
    "├─sdb1       zfs_member NAS021 17489713076041134293                 \n",
    "└─sdb9                                                              \n",
    "sdc                                                                 \n",
    "├─sdc1       zfs_member NAS021 17489713076041134293                 \n",
    "└─sdc9                                                              \n",
    "sdd                                                                 \n",
    "├─sdd1       zfs_member NAS021 17489713076041134293                 \n",
    "└─sdd9                                                              \n",
    "sde                                                                 \n",
    "├─sde1       zfs_member NAS021 17489713076041134293                 \n",
    "└─sde9                                                              \n",
    "sdf                                                                 \n",
    "└─sdf1       ext4              d51409b4-3951-4ed8-b94d-07d8d9bd6a93 /mnt/extSSD2\n",
    "sdg                                                                 \n",
    "├─sdg1       zfs_member NAS021 17489713076041134293                 \n",
    "└─sdg9                                                              \n",
    "sdh                                                                 \n",
    "sdi                                                                 \n",
    "├─sdi1       zfs_member NAS021 17489713076041134293                 \n",
    "└─sdi9                                                              \n",
    "sdj                                                                 \n",
    "└─sdj1       ext4              659e406e-0307-4bc8-b290-c79772cb2f59 /mnt/extSSD1\n",
    "mmcblk0                                                             \n",
    "├─mmcblk0p1  ext4              f3699150-fe13-4acc-91b6-b5c3d25c4e18 /\n",
    "├─mmcblk0p2                                                         \n",
    "├─mmcblk0p3                                                         \n",
    "├─mmcblk0p4                                                         \n",
    "├─mmcblk0p5                                                         \n",
    "├─mmcblk0p6                                                         \n",
    "├─mmcblk0p7                                                         \n",
    "├─mmcblk0p8                                                         \n",
    "├─mmcblk0p9                                                         \n",
    "├─mmcblk0p10                                                        \n",
    "├─mmcblk0p11                                                        \n",
    "├─mmcblk0p12                                                        \n",
    "├─mmcblk0p13                                                        \n",
    "├─mmcblk0p14                                                        \n",
    "├─mmcblk0p15                                                        \n",
    "├─mmcblk0p16                                                        \n",
    "├─mmcblk0p17                                                        \n",
    "├─mmcblk0p18                                                        \n",
    "├─mmcblk0p19                                                        \n",
    "├─mmcblk0p20                                                        \n",
    "├─mmcblk0p21                                                        \n",
    "├─mmcblk0p22                                                        \n",
    "├─mmcblk0p23                                                        \n",
    "├─mmcblk0p24                                                        \n",
    "├─mmcblk0p25                                                        \n",
    "├─mmcblk0p26                                                        \n",
    "├─mmcblk0p27                                                        \n",
    "├─mmcblk0p28                                                        \n",
    "├─mmcblk0p29                                                        \n",
    "├─mmcblk0p30                                                        \n",
    "├─mmcblk0p31                                                        \n",
    "├─mmcblk0p32                                                        \n",
    "├─mmcblk0p33                                                        \n",
    "├─mmcblk0p34                                                        \n",
    "├─mmcblk0p35                                                        \n",
    "├─mmcblk0p36                                                        \n",
    "└─mmcblk0p37                                                        \n",
    "mmcblk0boot0                                                        \n",
    "mmcblk0boot1                                                        \n",
    "mmcblk0rpmb                                                         \n",
    "zram0                                                               [SWAP]\n",
    "zram1                                                               [SWAP]\n",
    "zram2                                                               [SWAP]\n",
    "zram3                                                               [SWAP]\n",
    "zram4                                                               [SWAP]\n",
    "zram5                                                               [SWAP]\n",
    "zram6                                                               [SWAP]\n",
    "zram7                                                               [SWAP]\n",
    "nvme0n1                                                             \n",
    "├─nvme0n1p1  ext4              dfb8eda3-2e7b-492b-b61a-ad97ae328ab0 /opt/onyx\n",
    "├─nvme0n1p2  ext4              507eda0a-24f3-44ad-af20-6dc0e8995337 /opt/onyx2\n",
    "└─nvme0n1p3  ext4              69be3960-973e-467d-8075-46f198962665 /mnt/intSSD\n",
    "sintela@ONYX-0186:~$ sudo zpool create -o ashift=12 mypool raidz2 /dev/sdc /dev/sdd /dev/sde /dev/sdf /dev/sdg /dev/sdh /dev/sdi /dev/sdj\n",
    "[sudo] password for sintela: \n",
    "The ZFS modules are not loaded.\n",
    "Try running '/sbin/modprobe zfs' as root to load them.\n",
    "sintela@ONYX-0186:~$ sudo /sbin/modprobe zfs \n",
    "modprobe: FATAL: Module zfs not found in directory /lib/modules/4.9.140-tegra\n",
    "sintela@ONYX-0186:~$ cat /etc/os-release \n",
    "NAME=\"Ubuntu\"\n",
    "VERSION=\"18.04.5 LTS (Bionic Beaver)\"\n",
    "ID=ubuntu\n",
    "ID_LIKE=debian\n",
    "PRETTY_NAME=\"Ubuntu 18.04.5 LTS\"\n",
    "VERSION_ID=\"18.04\"\n",
    "HOME_URL=\"https://www.ubuntu.com/\"\n",
    "SUPPORT_URL=\"https://help.ubuntu.com/\"\n",
    "BUG_REPORT_URL=\"https://bugs.launchpad.net/ubuntu/\"\n",
    "PRIVACY_POLICY_URL=\"https://www.ubuntu.com/legal/terms-and-policies/privacy-policy\"\n",
    "VERSION_CODENAME=bionic\n",
    "UBUNTU_CODENAME=bionic\n",
    "sintela@ONYX-0186:~$ apt-get update\n",
    "root@ONYX-0186:~# apt-cache search zfsutils\n",
    "zfs-dbg - Debugging symbols for OpenZFS userland libraries and tools\n",
    "zfsutils-linux - command-line tools to manage OpenZFS filesystems\n",
    "root@ONYX-0186:~# apt-get install zfsutils-linux\n",
    "Reading package lists... Done\n",
    "Building dependency tree       \n",
    "Reading state information... Done\n",
    "zfsutils-linux is already the newest version (0.7.5-1ubuntu16.12).\n",
    "0 to upgrade, 0 to newly install, 0 to remove and 86 not to upgrade.\n",
    "root@ONYX-0186:~# modprobe zfs\n",
    "modprobe: FATAL: Module zfs not found in directory /lib/modules/4.9.140-tegra\n",
    "root@ONYX-0186:~# zpool print\n",
    "The ZFS modules are not loaded.\n",
    "Try running '/sbin/modprobe zfs' as root to load them.\n",
    "root@ONYX-0186:~# sudo apt install build-essential libssl-dev libelf-dev linux-headers-$(uname -r)Reading package lists... Done\n",
    "Building dependency tree       \n",
    "Reading state information... Done\n",
    "E: Unable to locate package linux-headers-4.9.140-tegra\n",
    "E: Couldn't find any package by glob 'linux-headers-4.9.140-tegra'\n",
    "E: Couldn't find any package by regex 'linux-headers-4.9.140-tegra'\n",
    "root@ONYX-0186:~# apt-cache search mdadm\n",
    "mdadm - tool to administer Linux MD arrays (software RAID)\n",
    "backupninja - lightweight, extensible meta-backup system\n",
    "forensics-extra - Forensics Environment - extra console components (metapackage)\n",
    "systray-mdstat - Notifies about Linux Software RAID changes in system tray\n",
    "root@ONYX-0186:~# client_loop: send disconnect: Broken pipe\n",
    "(base) kschoedl@Katelyns-MacBook-Pro ~ % apt-get install -y mdadm\n",
    "zsh: command not found: apt-get\n",
    "(base) kschoedl@Katelyns-MacBook-Pro ~ % ssh sintela@192.168.10.6\n",
    "sintela@ONYX-0186:~$ sudo su -\n",
    "[sudo] password for sintela: \n",
    "root@ONYX-0186:~# apt-get install mdadm\n",
    "root@ONYX-0186:~# mdadm --create ^C\n",
    "root@ONYX-0186:~# fdisk -l\n",
    "Disk /dev/ram0: 8 MiB, 8388608 bytes, 16384 sectors\n",
    "Units: sectors of 1 * 512 = 512 bytes\n",
    "Sector size (logical/physical): 512 bytes / 4096 bytes\n",
    "I/O size (minimum/optimal): 4096 bytes / 4096 bytes\n",
    "\n",
    "\n",
    "Disk /dev/ram1: 8 MiB, 8388608 bytes, 16384 sectors\n",
    "Units: sectors of 1 * 512 = 512 bytes\n",
    "Sector size (logical/physical): 512 bytes / 4096 bytes\n",
    "I/O size (minimum/optimal): 4096 bytes / 4096 bytes\n",
    "\n",
    "\n",
    "Disk /dev/ram2: 8 MiB, 8388608 bytes, 16384 sectors\n",
    "Units: sectors of 1 * 512 = 512 bytes\n",
    "Sector size (logical/physical): 512 bytes / 4096 bytes\n",
    "I/O size (minimum/optimal): 4096 bytes / 4096 bytes\n",
    "\n",
    "\n",
    "Disk /dev/ram3: 8 MiB, 8388608 bytes, 16384 sectors\n",
    "Units: sectors of 1 * 512 = 512 bytes\n",
    "Sector size (logical/physical): 512 bytes / 4096 bytes\n",
    "I/O size (minimum/optimal): 4096 bytes / 4096 bytes\n",
    "\n",
    "\n",
    "Disk /dev/ram4: 8 MiB, 8388608 bytes, 16384 sectors\n",
    "Units: sectors of 1 * 512 = 512 bytes\n",
    "Sector size (logical/physical): 512 bytes / 4096 bytes\n",
    "I/O size (minimum/optimal): 4096 bytes / 4096 bytes\n",
    "\n",
    "\n",
    "Disk /dev/ram5: 8 MiB, 8388608 bytes, 16384 sectors\n",
    "Units: sectors of 1 * 512 = 512 bytes\n",
    "Sector size (logical/physical): 512 bytes / 4096 bytes\n",
    "I/O size (minimum/optimal): 4096 bytes / 4096 bytes\n",
    "\n",
    "\n",
    "Disk /dev/ram6: 8 MiB, 8388608 bytes, 16384 sectors\n",
    "Units: sectors of 1 * 512 = 512 bytes\n",
    "Sector size (logical/physical): 512 bytes / 4096 bytes\n",
    "I/O size (minimum/optimal): 4096 bytes / 4096 bytes\n",
    "\n",
    "\n",
    "Disk /dev/ram7: 8 MiB, 8388608 bytes, 16384 sectors\n",
    "Units: sectors of 1 * 512 = 512 bytes\n",
    "Sector size (logical/physical): 512 bytes / 4096 bytes\n",
    "I/O size (minimum/optimal): 4096 bytes / 4096 bytes\n",
    "\n",
    "\n",
    "Disk /dev/ram8: 8 MiB, 8388608 bytes, 16384 sectors\n",
    "Units: sectors of 1 * 512 = 512 bytes\n",
    "Sector size (logical/physical): 512 bytes / 4096 bytes\n",
    "I/O size (minimum/optimal): 4096 bytes / 4096 bytes\n",
    "\n",
    "\n",
    "Disk /dev/ram9: 8 MiB, 8388608 bytes, 16384 sectors\n",
    "Units: sectors of 1 * 512 = 512 bytes\n",
    "Sector size (logical/physical): 512 bytes / 4096 bytes\n",
    "I/O size (minimum/optimal): 4096 bytes / 4096 bytes\n",
    "\n",
    "\n",
    "Disk /dev/ram10: 8 MiB, 8388608 bytes, 16384 sectors\n",
    "Units: sectors of 1 * 512 = 512 bytes\n",
    "Sector size (logical/physical): 512 bytes / 4096 bytes\n",
    "I/O size (minimum/optimal): 4096 bytes / 4096 bytes\n",
    "\n",
    "\n",
    "Disk /dev/ram11: 8 MiB, 8388608 bytes, 16384 sectors\n",
    "Units: sectors of 1 * 512 = 512 bytes\n",
    "Sector size (logical/physical): 512 bytes / 4096 bytes\n",
    "I/O size (minimum/optimal): 4096 bytes / 4096 bytes\n",
    "\n",
    "\n",
    "Disk /dev/ram12: 8 MiB, 8388608 bytes, 16384 sectors\n",
    "Units: sectors of 1 * 512 = 512 bytes\n",
    "Sector size (logical/physical): 512 bytes / 4096 bytes\n",
    "I/O size (minimum/optimal): 4096 bytes / 4096 bytes\n",
    "\n",
    "\n",
    "Disk /dev/ram13: 8 MiB, 8388608 bytes, 16384 sectors\n",
    "Units: sectors of 1 * 512 = 512 bytes\n",
    "Sector size (logical/physical): 512 bytes / 4096 bytes\n",
    "I/O size (minimum/optimal): 4096 bytes / 4096 bytes\n",
    "\n",
    "\n",
    "Disk /dev/ram14: 8 MiB, 8388608 bytes, 16384 sectors\n",
    "Units: sectors of 1 * 512 = 512 bytes\n",
    "Sector size (logical/physical): 512 bytes / 4096 bytes\n",
    "I/O size (minimum/optimal): 4096 bytes / 4096 bytes\n",
    "\n",
    "\n",
    "Disk /dev/ram15: 8 MiB, 8388608 bytes, 16384 sectors\n",
    "Units: sectors of 1 * 512 = 512 bytes\n",
    "Sector size (logical/physical): 512 bytes / 4096 bytes\n",
    "I/O size (minimum/optimal): 4096 bytes / 4096 bytes\n",
    "\n",
    "\n",
    "Disk /dev/mmcblk0: 29.1 GiB, 31272730624 bytes, 61079552 sectors\n",
    "Units: sectors of 1 * 512 = 512 bytes\n",
    "Sector size (logical/physical): 512 bytes / 512 bytes\n",
    "I/O size (minimum/optimal): 512 bytes / 512 bytes\n",
    "Disklabel type: gpt\n",
    "Disk identifier: 00000000-0000-0000-0000-000000000000\n",
    "\n",
    "Device             Start      End  Sectors   Size Type\n",
    "/dev/mmcblk0p1        40 58720295 58720256    28G Microsoft basic data\n",
    "/dev/mmcblk0p2  58720296 58721295     1000   500K Microsoft basic data\n",
    "/dev/mmcblk0p3  58721296 58722295     1000   500K Microsoft basic data\n",
    "/dev/mmcblk0p4  58722296 58730487     8192     4M Microsoft basic data\n",
    "/dev/mmcblk0p5  58730488 58738679     8192     4M Microsoft basic data\n",
    "/dev/mmcblk0p6  58738680 58739703     1024   512K Microsoft basic data\n",
    "/dev/mmcblk0p7  58739704 58740727     1024   512K Microsoft basic data\n",
    "/dev/mmcblk0p8  58740728 58741495      768   384K Microsoft basic data\n",
    "/dev/mmcblk0p9  58741496 58742263      768   384K Microsoft basic data\n",
    "/dev/mmcblk0p10 58742264 58746359     4096     2M Microsoft basic data\n",
    "/dev/mmcblk0p11 58746360 58750455     4096     2M Microsoft basic data\n",
    "/dev/mmcblk0p12 58750456 58750711      256   128K Microsoft basic data\n",
    "/dev/mmcblk0p13 58750712 58750967      256   128K Microsoft basic data\n",
    "/dev/mmcblk0p14 58750968 58753015     2048     1M Microsoft basic data\n",
    "/dev/mmcblk0p15 58753016 58755063     2048     1M Microsoft basic data\n",
    "/dev/mmcblk0p16 58755064 58757111     2048     1M Microsoft basic data\n",
    "/dev/mmcblk0p17 58757112 58759159     2048     1M Microsoft basic data\n",
    "/dev/mmcblk0p18 58759160 58759671      512   256K Microsoft basic data\n",
    "/dev/mmcblk0p19 58759672 58760183      512   256K Microsoft basic data\n",
    "/dev/mmcblk0p20 58760184 58761207     1024   512K Microsoft basic data\n",
    "/dev/mmcblk0p21 58761208 58762231     1024   512K Microsoft basic data\n",
    "/dev/mmcblk0p22 58762232 58770423     8192     4M Microsoft basic data\n",
    "/dev/mmcblk0p23 58770424 58778615     8192     4M Microsoft basic data\n",
    "/dev/mmcblk0p24 58778616 58779639     1024   512K Microsoft basic data\n",
    "/dev/mmcblk0p25 58779640 58780663     1024   512K Microsoft basic data\n",
    "/dev/mmcblk0p26 58780664 58792951    12288     6M Microsoft basic data\n",
    "/dev/mmcblk0p27 58792952 58805239    12288     6M Microsoft basic data\n",
    "/dev/mmcblk0p28 58805240 59067383   262144   128M Microsoft basic data\n",
    "/dev/mmcblk0p29 59067384 59329527   262144   128M Microsoft basic data\n",
    "/dev/mmcblk0p30 59329528 59460599   131072    64M Microsoft basic data\n",
    "/dev/mmcblk0p31 59460600 59591671   131072    64M Microsoft basic data\n",
    "/dev/mmcblk0p32 59591672 59592695     1024   512K Microsoft basic data\n",
    "/dev/mmcblk0p33 59592696 59593719     1024   512K Microsoft basic data\n",
    "/dev/mmcblk0p34 59593720 59595767     2048     1M Microsoft basic data\n",
    "/dev/mmcblk0p35 59595768 59612151    16384     8M Microsoft basic data\n",
    "/dev/mmcblk0p36 59612152 59628535    16384     8M Microsoft basic data\n",
    "/dev/mmcblk0p37 59628536 61079518  1450983 708.5M Microsoft basic data\n",
    "\n",
    "\n",
    "\n",
    "\n",
    "Disk /dev/mmcblk0boot1: 8 MiB, 8388608 bytes, 16384 sectors\n",
    "Units: sectors of 1 * 512 = 512 bytes\n",
    "Sector size (logical/physical): 512 bytes / 512 bytes\n",
    "I/O size (minimum/optimal): 512 bytes / 512 bytes\n",
    "\n",
    "\n",
    "Disk /dev/mmcblk0boot0: 8 MiB, 8388608 bytes, 16384 sectors\n",
    "Units: sectors of 1 * 512 = 512 bytes\n",
    "Sector size (logical/physical): 512 bytes / 512 bytes\n",
    "I/O size (minimum/optimal): 512 bytes / 512 bytes\n",
    "\n",
    "\n",
    "Disk /dev/nvme0n1: 232.9 GiB, 250059350016 bytes, 488397168 sectors\n",
    "Units: sectors of 1 * 512 = 512 bytes\n",
    "Sector size (logical/physical): 512 bytes / 512 bytes\n",
    "I/O size (minimum/optimal): 512 bytes / 512 bytes\n",
    "Disklabel type: gpt\n",
    "Disk identifier: 776BC6DA-1F0D-4DEC-A85D-1511B757E7BB\n",
    "\n",
    "Device             Start       End   Sectors   Size Type\n",
    "/dev/nvme0n1p1      2048  67108864  67106817    32G Linux filesystem\n",
    "/dev/nvme0n1p2  67110912 134217728  67106817    32G Linux filesystem\n",
    "/dev/nvme0n1p3 134219776 488397134 354177359 168.9G Linux filesystem\n",
    "\n",
    "\n",
    "Disk /dev/zram0: 2 GiB, 2084245504 bytes, 508849 sectors\n",
    "Units: sectors of 1 * 4096 = 4096 bytes\n",
    "Sector size (logical/physical): 4096 bytes / 4096 bytes\n",
    "I/O size (minimum/optimal): 4096 bytes / 4096 bytes\n",
    "\n",
    "\n",
    "Disk /dev/zram1: 2 GiB, 2084245504 bytes, 508849 sectors\n",
    "Units: sectors of 1 * 4096 = 4096 bytes\n",
    "Sector size (logical/physical): 4096 bytes / 4096 bytes\n",
    "I/O size (minimum/optimal): 4096 bytes / 4096 bytes\n",
    "\n",
    "\n",
    "Disk /dev/zram2: 2 GiB, 2084245504 bytes, 508849 sectors\n",
    "Units: sectors of 1 * 4096 = 4096 bytes\n",
    "Sector size (logical/physical): 4096 bytes / 4096 bytes\n",
    "I/O size (minimum/optimal): 4096 bytes / 4096 bytes\n",
    "\n",
    "\n",
    "Disk /dev/zram3: 2 GiB, 2084245504 bytes, 508849 sectors\n",
    "Units: sectors of 1 * 4096 = 4096 bytes\n",
    "Sector size (logical/physical): 4096 bytes / 4096 bytes\n",
    "I/O size (minimum/optimal): 4096 bytes / 4096 bytes\n",
    "\n",
    "\n",
    "Disk /dev/zram4: 2 GiB, 2084245504 bytes, 508849 sectors\n",
    "Units: sectors of 1 * 4096 = 4096 bytes\n",
    "Sector size (logical/physical): 4096 bytes / 4096 bytes\n",
    "I/O size (minimum/optimal): 4096 bytes / 4096 bytes\n",
    "\n",
    "\n",
    "Disk /dev/zram5: 2 GiB, 2084245504 bytes, 508849 sectors\n",
    "Units: sectors of 1 * 4096 = 4096 bytes\n",
    "Sector size (logical/physical): 4096 bytes / 4096 bytes\n",
    "I/O size (minimum/optimal): 4096 bytes / 4096 bytes\n",
    "\n",
    "\n",
    "Disk /dev/zram6: 2 GiB, 2084245504 bytes, 508849 sectors\n",
    "Units: sectors of 1 * 4096 = 4096 bytes\n",
    "Sector size (logical/physical): 4096 bytes / 4096 bytes\n",
    "I/O size (minimum/optimal): 4096 bytes / 4096 bytes\n",
    "\n",
    "\n",
    "Disk /dev/zram7: 2 GiB, 2084245504 bytes, 508849 sectors\n",
    "Units: sectors of 1 * 4096 = 4096 bytes\n",
    "Sector size (logical/physical): 4096 bytes / 4096 bytes\n",
    "I/O size (minimum/optimal): 4096 bytes / 4096 bytes\n",
    "\n",
    "\n",
    "Disk /dev/sda: 10.9 TiB, 12000138625024 bytes, 23437770752 sectors\n",
    "Units: sectors of 1 * 512 = 512 bytes\n",
    "Sector size (logical/physical): 512 bytes / 4096 bytes\n",
    "I/O size (minimum/optimal): 4096 bytes / 4096 bytes\n",
    "Disklabel type: gpt\n",
    "Disk identifier: E7AB0F89-53E4-4E41-9E1A-D5FCCA0983AB\n",
    "\n",
    "Device           Start         End     Sectors  Size Type\n",
    "/dev/sda1         2048 23437752319 23437750272 10.9T Solaris /usr & Apple ZFS\n",
    "/dev/sda9  23437752320 23437768703       16384    8M Solaris reserved 1\n",
    "\n",
    "\n",
    "Disk /dev/sdc: 10.9 TiB, 12000138625024 bytes, 23437770752 sectors\n",
    "Units: sectors of 1 * 512 = 512 bytes\n",
    "Sector size (logical/physical): 512 bytes / 4096 bytes\n",
    "I/O size (minimum/optimal): 4096 bytes / 33553920 bytes\n",
    "Disklabel type: gpt\n",
    "Disk identifier: A079ACBA-9828-CB40-9BB0-875031CA6868\n",
    "\n",
    "Device           Start         End     Sectors  Size Type\n",
    "/dev/sdc1         2048 23437752319 23437750272 10.9T Solaris /usr & Apple ZFS\n",
    "/dev/sdc9  23437752320 23437768703       16384    8M Solaris reserved 1\n",
    "\n",
    "\n",
    "Disk /dev/sdd: 10.9 TiB, 12000138625024 bytes, 23437770752 sectors\n",
    "Units: sectors of 1 * 512 = 512 bytes\n",
    "Sector size (logical/physical): 512 bytes / 4096 bytes\n",
    "I/O size (minimum/optimal): 4096 bytes / 33553920 bytes\n",
    "Disklabel type: gpt\n",
    "Disk identifier: A07A811B-C8A0-A34D-966E-BF48F5D8D2A4\n",
    "\n",
    "Device           Start         End     Sectors  Size Type\n",
    "/dev/sdd1         2048 23437752319 23437750272 10.9T Solaris /usr & Apple ZFS\n",
    "/dev/sdd9  23437752320 23437768703       16384    8M Solaris reserved 1\n",
    "\n",
    "\n",
    "Disk /dev/sde: 10.9 TiB, 12000138625024 bytes, 23437770752 sectors\n",
    "Units: sectors of 1 * 512 = 512 bytes\n",
    "Sector size (logical/physical): 512 bytes / 4096 bytes\n",
    "I/O size (minimum/optimal): 4096 bytes / 4096 bytes\n",
    "Disklabel type: gpt\n",
    "Disk identifier: E8C760DC-72D6-5E4B-BBE2-1566074F1D1E\n",
    "\n",
    "Device           Start         End     Sectors  Size Type\n",
    "/dev/sde1         2048 23437752319 23437750272 10.9T Solaris /usr & Apple ZFS\n",
    "/dev/sde9  23437752320 23437768703       16384    8M Solaris reserved 1\n",
    "\n",
    "\n",
    "Disk /dev/sdh: 10.9 TiB, 12000138625024 bytes, 23437770752 sectors\n",
    "Units: sectors of 1 * 512 = 512 bytes\n",
    "Sector size (logical/physical): 512 bytes / 4096 bytes\n",
    "I/O size (minimum/optimal): 4096 bytes / 4096 bytes\n",
    "\n",
    "\n",
    "Disk /dev/sdf: 7.3 TiB, 8001563222016 bytes, 15628053168 sectors\n",
    "Units: sectors of 1 * 512 = 512 bytes\n",
    "Sector size (logical/physical): 512 bytes / 512 bytes\n",
    "I/O size (minimum/optimal): 512 bytes / 512 bytes\n",
    "Disklabel type: gpt\n",
    "Disk identifier: BE85F3A4-B6E5-4033-82F2-B3328877E7F2\n",
    "\n",
    "Device     Start         End     Sectors  Size Type\n",
    "/dev/sdf1   2048 15628053134 15628051087  7.3T Linux filesystem\n",
    "\n",
    "\n",
    "Disk /dev/sdg: 10.9 TiB, 12000138625024 bytes, 23437770752 sectors\n",
    "Units: sectors of 1 * 512 = 512 bytes\n",
    "Sector size (logical/physical): 512 bytes / 4096 bytes\n",
    "I/O size (minimum/optimal): 4096 bytes / 4096 bytes\n",
    "Disklabel type: gpt\n",
    "Disk identifier: 1083EF1D-7D34-5F4F-8C2E-9BD3CF6A8DA7\n",
    "\n",
    "Device           Start         End     Sectors  Size Type\n",
    "/dev/sdg1         2048 23437752319 23437750272 10.9T Solaris /usr & Apple ZFS\n",
    "/dev/sdg9  23437752320 23437768703       16384    8M Solaris reserved 1\n",
    "\n",
    "\n",
    "Disk /dev/sdb: 10.9 TiB, 12000138625024 bytes, 23437770752 sectors\n",
    "Units: sectors of 1 * 512 = 512 bytes\n",
    "Sector size (logical/physical): 512 bytes / 4096 bytes\n",
    "I/O size (minimum/optimal): 4096 bytes / 4096 bytes\n",
    "Disklabel type: gpt\n",
    "Disk identifier: 443519A5-7F14-0C44-950B-51570298B8A2\n",
    "\n",
    "Device           Start         End     Sectors  Size Type\n",
    "/dev/sdb1         2048 23437752319 23437750272 10.9T Solaris /usr & Apple ZFS\n",
    "/dev/sdb9  23437752320 23437768703       16384    8M Solaris reserved 1\n",
    "\n",
    "\n",
    "Disk /dev/sdi: 10.9 TiB, 12000138625024 bytes, 23437770752 sectors\n",
    "Units: sectors of 1 * 512 = 512 bytes\n",
    "Sector size (logical/physical): 512 bytes / 4096 bytes\n",
    "I/O size (minimum/optimal): 4096 bytes / 4096 bytes\n",
    "Disklabel type: gpt\n",
    "Disk identifier: BDE22858-38FF-DC4A-B84A-CB088E7D400A\n",
    "\n",
    "Device           Start         End     Sectors  Size Type\n",
    "/dev/sdi1         2048 23437752319 23437750272 10.9T Solaris /usr & Apple ZFS\n",
    "/dev/sdi9  23437752320 23437768703       16384    8M Solaris reserved 1\n",
    "\n",
    "\n",
    "Disk /dev/sdj: 7.3 TiB, 8001563222016 bytes, 15628053168 sectors\n",
    "Units: sectors of 1 * 512 = 512 bytes\n",
    "Sector size (logical/physical): 512 bytes / 512 bytes\n",
    "I/O size (minimum/optimal): 512 bytes / 512 bytes\n",
    "Disklabel type: gpt\n",
    "Disk identifier: 737C40AC-73E9-4917-AE02-9BACBB26304A\n",
    "\n",
    "Device     Start         End     Sectors  Size Type\n",
    "/dev/sdj1   2048 15628053134 15628051087  7.3T Linux filesystem\n",
    "root@ONYX-0186:~# fdisk -l /dev/sd?\n",
    "Disk /dev/sda: 10.9 TiB, 12000138625024 bytes, 23437770752 sectors\n",
    "Units: sectors of 1 * 512 = 512 bytes\n",
    "Sector size (logical/physical): 512 bytes / 4096 bytes\n",
    "I/O size (minimum/optimal): 4096 bytes / 4096 bytes\n",
    "Disklabel type: gpt\n",
    "Disk identifier: E7AB0F89-53E4-4E41-9E1A-D5FCCA0983AB\n",
    "\n",
    "Device           Start         End     Sectors  Size Type\n",
    "/dev/sda1         2048 23437752319 23437750272 10.9T Solaris /usr & Apple ZFS\n",
    "/dev/sda9  23437752320 23437768703       16384    8M Solaris reserved 1\n",
    "\n",
    "\n",
    "Disk /dev/sdb: 10.9 TiB, 12000138625024 bytes, 23437770752 sectors\n",
    "Units: sectors of 1 * 512 = 512 bytes\n",
    "Sector size (logical/physical): 512 bytes / 4096 bytes\n",
    "I/O size (minimum/optimal): 4096 bytes / 4096 bytes\n",
    "Disklabel type: gpt\n",
    "Disk identifier: 443519A5-7F14-0C44-950B-51570298B8A2\n",
    "\n",
    "Device           Start         End     Sectors  Size Type\n",
    "/dev/sdb1         2048 23437752319 23437750272 10.9T Solaris /usr & Apple ZFS\n",
    "/dev/sdb9  23437752320 23437768703       16384    8M Solaris reserved 1\n",
    "\n",
    "\n",
    "Disk /dev/sdc: 10.9 TiB, 12000138625024 bytes, 23437770752 sectors\n",
    "Units: sectors of 1 * 512 = 512 bytes\n",
    "Sector size (logical/physical): 512 bytes / 4096 bytes\n",
    "I/O size (minimum/optimal): 4096 bytes / 33553920 bytes\n",
    "Disklabel type: gpt\n",
    "Disk identifier: A079ACBA-9828-CB40-9BB0-875031CA6868\n",
    "\n",
    "Device           Start         End     Sectors  Size Type\n",
    "/dev/sdc1         2048 23437752319 23437750272 10.9T Solaris /usr & Apple ZFS\n",
    "/dev/sdc9  23437752320 23437768703       16384    8M Solaris reserved 1\n",
    "\n",
    "\n",
    "Disk /dev/sdd: 10.9 TiB, 12000138625024 bytes, 23437770752 sectors\n",
    "Units: sectors of 1 * 512 = 512 bytes\n",
    "Sector size (logical/physical): 512 bytes / 4096 bytes\n",
    "I/O size (minimum/optimal): 4096 bytes / 33553920 bytes\n",
    "Disklabel type: gpt\n",
    "Disk identifier: A07A811B-C8A0-A34D-966E-BF48F5D8D2A4\n",
    "\n",
    "Device           Start         End     Sectors  Size Type\n",
    "/dev/sdd1         2048 23437752319 23437750272 10.9T Solaris /usr & Apple ZFS\n",
    "/dev/sdd9  23437752320 23437768703       16384    8M Solaris reserved 1\n",
    "\n",
    "\n",
    "Disk /dev/sde: 10.9 TiB, 12000138625024 bytes, 23437770752 sectors\n",
    "Units: sectors of 1 * 512 = 512 bytes\n",
    "Sector size (logical/physical): 512 bytes / 4096 bytes\n",
    "I/O size (minimum/optimal): 4096 bytes / 4096 bytes\n",
    "Disklabel type: gpt\n",
    "Disk identifier: E8C760DC-72D6-5E4B-BBE2-1566074F1D1E\n",
    "\n",
    "Device           Start         End     Sectors  Size Type\n",
    "/dev/sde1         2048 23437752319 23437750272 10.9T Solaris /usr & Apple ZFS\n",
    "/dev/sde9  23437752320 23437768703       16384    8M Solaris reserved 1\n",
    "\n",
    "\n",
    "Disk /dev/sdf: 7.3 TiB, 8001563222016 bytes, 15628053168 sectors\n",
    "Units: sectors of 1 * 512 = 512 bytes\n",
    "Sector size (logical/physical): 512 bytes / 512 bytes\n",
    "I/O size (minimum/optimal): 512 bytes / 512 bytes\n",
    "Disklabel type: gpt\n",
    "Disk identifier: BE85F3A4-B6E5-4033-82F2-B3328877E7F2\n",
    "\n",
    "Device     Start         End     Sectors  Size Type\n",
    "/dev/sdf1   2048 15628053134 15628051087  7.3T Linux filesystem\n",
    "\n",
    "\n",
    "Disk /dev/sdg: 10.9 TiB, 12000138625024 bytes, 23437770752 sectors\n",
    "Units: sectors of 1 * 512 = 512 bytes\n",
    "Sector size (logical/physical): 512 bytes / 4096 bytes\n",
    "I/O size (minimum/optimal): 4096 bytes / 4096 bytes\n",
    "Disklabel type: gpt\n",
    "Disk identifier: 1083EF1D-7D34-5F4F-8C2E-9BD3CF6A8DA7\n",
    "\n",
    "Device           Start         End     Sectors  Size Type\n",
    "/dev/sdg1         2048 23437752319 23437750272 10.9T Solaris /usr & Apple ZFS\n",
    "/dev/sdg9  23437752320 23437768703       16384    8M Solaris reserved 1\n",
    "\n",
    "\n",
    "Disk /dev/sdh: 10.9 TiB, 12000138625024 bytes, 23437770752 sectors\n",
    "Units: sectors of 1 * 512 = 512 bytes\n",
    "Sector size (logical/physical): 512 bytes / 4096 bytes\n",
    "I/O size (minimum/optimal): 4096 bytes / 4096 bytes\n",
    "\n",
    "\n",
    "Disk /dev/sdi: 10.9 TiB, 12000138625024 bytes, 23437770752 sectors\n",
    "Units: sectors of 1 * 512 = 512 bytes\n",
    "Sector size (logical/physical): 512 bytes / 4096 bytes\n",
    "I/O size (minimum/optimal): 4096 bytes / 4096 bytes\n",
    "Disklabel type: gpt\n",
    "Disk identifier: BDE22858-38FF-DC4A-B84A-CB088E7D400A\n",
    "\n",
    "Device           Start         End     Sectors  Size Type\n",
    "/dev/sdi1         2048 23437752319 23437750272 10.9T Solaris /usr & Apple ZFS\n",
    "/dev/sdi9  23437752320 23437768703       16384    8M Solaris reserved 1\n",
    "\n",
    "\n",
    "Disk /dev/sdj: 7.3 TiB, 8001563222016 bytes, 15628053168 sectors\n",
    "Units: sectors of 1 * 512 = 512 bytes\n",
    "Sector size (logical/physical): 512 bytes / 512 bytes\n",
    "I/O size (minimum/optimal): 512 bytes / 512 bytes\n",
    "Disklabel type: gpt\n",
    "Disk identifier: 737C40AC-73E9-4917-AE02-9BACBB26304A\n",
    "\n",
    "Device     Start         End     Sectors  Size Type\n",
    "/dev/sdj1   2048 15628053134 15628051087  7.3T Linux filesystem\n",
    "root@ONYX-0186:~# fdisk -l /dev/sd? | grep \"^Disk\"\n",
    "Disk /dev/sda: 10.9 TiB, 12000138625024 bytes, 23437770752 sectors\n",
    "Disklabel type: gpt\n",
    "Disk identifier: E7AB0F89-53E4-4E41-9E1A-D5FCCA0983AB\n",
    "Disk /dev/sdb: 10.9 TiB, 12000138625024 bytes, 23437770752 sectors\n",
    "Disklabel type: gpt\n",
    "Disk identifier: 443519A5-7F14-0C44-950B-51570298B8A2\n",
    "Disk /dev/sdc: 10.9 TiB, 12000138625024 bytes, 23437770752 sectors\n",
    "Disklabel type: gpt\n",
    "Disk identifier: A079ACBA-9828-CB40-9BB0-875031CA6868\n",
    "Disk /dev/sdd: 10.9 TiB, 12000138625024 bytes, 23437770752 sectors\n",
    "Disklabel type: gpt\n",
    "Disk identifier: A07A811B-C8A0-A34D-966E-BF48F5D8D2A4\n",
    "Disk /dev/sde: 10.9 TiB, 12000138625024 bytes, 23437770752 sectors\n",
    "Disklabel type: gpt\n",
    "Disk identifier: E8C760DC-72D6-5E4B-BBE2-1566074F1D1E\n",
    "Disk /dev/sdf: 7.3 TiB, 8001563222016 bytes, 15628053168 sectors\n",
    "Disklabel type: gpt\n",
    "Disk identifier: BE85F3A4-B6E5-4033-82F2-B3328877E7F2\n",
    "Disk /dev/sdg: 10.9 TiB, 12000138625024 bytes, 23437770752 sectors\n",
    "Disklabel type: gpt\n",
    "Disk identifier: 1083EF1D-7D34-5F4F-8C2E-9BD3CF6A8DA7\n",
    "Disk /dev/sdh: 10.9 TiB, 12000138625024 bytes, 23437770752 sectors\n",
    "Disk /dev/sdi: 10.9 TiB, 12000138625024 bytes, 23437770752 sectors\n",
    "Disklabel type: gpt\n",
    "Disk identifier: BDE22858-38FF-DC4A-B84A-CB088E7D400A\n",
    "Disk /dev/sdj: 7.3 TiB, 8001563222016 bytes, 15628053168 sectors\n",
    "Disklabel type: gpt\n",
    "Disk identifier: 737C40AC-73E9-4917-AE02-9BACBB26304A\n",
    "root@ONYX-0186:~# fdisk -l /dev/sdi\n",
    "Disk /dev/sdi: 10.9 TiB, 12000138625024 bytes, 23437770752 sectors\n",
    "Units: sectors of 1 * 512 = 512 bytes\n",
    "Sector size (logical/physical): 512 bytes / 4096 bytes\n",
    "I/O size (minimum/optimal): 4096 bytes / 4096 bytes\n",
    "Disklabel type: gpt\n",
    "Disk identifier: BDE22858-38FF-DC4A-B84A-CB088E7D400A\n",
    "\n",
    "Device           Start         End     Sectors  Size Type\n",
    "/dev/sdi1         2048 23437752319 23437750272 10.9T Solaris /usr & Apple ZFS\n",
    "/dev/sdi9  23437752320 23437768703       16384    8M Solaris reserved 1\n",
    "root@ONYX-0186:~# fdisk -l /dev/sd? | grep \"^Disk\"\n",
    "Disk /dev/sda: 10.9 TiB, 12000138625024 bytes, 23437770752 sectors\n",
    "Disklabel type: gpt\n",
    "Disk identifier: E7AB0F89-53E4-4E41-9E1A-D5FCCA0983AB\n",
    "Disk /dev/sdb: 10.9 TiB, 12000138625024 bytes, 23437770752 sectors\n",
    "Disklabel type: gpt\n",
    "Disk identifier: 443519A5-7F14-0C44-950B-51570298B8A2\n",
    "Disk /dev/sdc: 10.9 TiB, 12000138625024 bytes, 23437770752 sectors\n",
    "Disklabel type: gpt\n",
    "Disk identifier: A079ACBA-9828-CB40-9BB0-875031CA6868\n",
    "Disk /dev/sdd: 10.9 TiB, 12000138625024 bytes, 23437770752 sectors\n",
    "Disklabel type: gpt\n",
    "Disk identifier: A07A811B-C8A0-A34D-966E-BF48F5D8D2A4\n",
    "Disk /dev/sde: 10.9 TiB, 12000138625024 bytes, 23437770752 sectors\n",
    "Disklabel type: gpt\n",
    "Disk identifier: E8C760DC-72D6-5E4B-BBE2-1566074F1D1E\n",
    "Disk /dev/sdf: 7.3 TiB, 8001563222016 bytes, 15628053168 sectors\n",
    "Disklabel type: gpt\n",
    "Disk identifier: BE85F3A4-B6E5-4033-82F2-B3328877E7F2\n",
    "Disk /dev/sdg: 10.9 TiB, 12000138625024 bytes, 23437770752 sectors\n",
    "Disklabel type: gpt\n",
    "Disk identifier: 1083EF1D-7D34-5F4F-8C2E-9BD3CF6A8DA7\n",
    "Disk /dev/sdh: 10.9 TiB, 12000138625024 bytes, 23437770752 sectors\n",
    "Disk /dev/sdi: 10.9 TiB, 12000138625024 bytes, 23437770752 sectors\n",
    "Disklabel type: gpt\n",
    "Disk identifier: BDE22858-38FF-DC4A-B84A-CB088E7D400A\n",
    "Disk /dev/sdj: 7.3 TiB, 8001563222016 bytes, 15628053168 sectors\n",
    "Disklabel type: gpt\n",
    "Disk identifier: 737C40AC-73E9-4917-AE02-9BACBB26304A\n",
    "root@ONYX-0186:~# fdisk -l /dev/sdi\n",
    "Disk /dev/sdi: 10.9 TiB, 12000138625024 bytes, 23437770752 sectors\n",
    "Units: sectors of 1 * 512 = 512 bytes\n",
    "Sector size (logical/physical): 512 bytes / 4096 bytes\n",
    "I/O size (minimum/optimal): 4096 bytes / 4096 bytes\n",
    "Disklabel type: gpt\n",
    "Disk identifier: BDE22858-38FF-DC4A-B84A-CB088E7D400A\n",
    "\n",
    "Device           Start         End     Sectors  Size Type\n",
    "/dev/sdi1         2048 23437752319 23437750272 10.9T Solaris /usr & Apple ZFS\n",
    "/dev/sdi9  23437752320 23437768703       16384    8M Solaris reserved 1\n",
    "root@ONYX-0186:~# fdisk -l /dev/sdh\n",
    "Disk /dev/sdh: 10.9 TiB, 12000138625024 bytes, 23437770752 sectors\n",
    "Units: sectors of 1 * 512 = 512 bytes\n",
    "Sector size (logical/physical): 512 bytes / 4096 bytes\n",
    "I/O size (minimum/optimal): 4096 bytes / 4096 bytes\n",
    "root@ONYX-0186:~# fdisk -l /dev/sd? | grep \"^Disk\"\n",
    "Disk /dev/sda: 10.9 TiB, 12000138625024 bytes, 23437770752 sectors\n",
    "Disklabel type: gpt\n",
    "Disk identifier: E7AB0F89-53E4-4E41-9E1A-D5FCCA0983AB\n",
    "Disk /dev/sdb: 10.9 TiB, 12000138625024 bytes, 23437770752 sectors\n",
    "Disklabel type: gpt\n",
    "Disk identifier: 443519A5-7F14-0C44-950B-51570298B8A2\n",
    "Disk /dev/sdc: 10.9 TiB, 12000138625024 bytes, 23437770752 sectors\n",
    "Disklabel type: gpt\n",
    "Disk identifier: A079ACBA-9828-CB40-9BB0-875031CA6868\n",
    "Disk /dev/sdd: 10.9 TiB, 12000138625024 bytes, 23437770752 sectors\n",
    "Disklabel type: gpt\n",
    "Disk identifier: A07A811B-C8A0-A34D-966E-BF48F5D8D2A4\n",
    "Disk /dev/sde: 10.9 TiB, 12000138625024 bytes, 23437770752 sectors\n",
    "Disklabel type: gpt\n",
    "Disk identifier: E8C760DC-72D6-5E4B-BBE2-1566074F1D1E\n",
    "Disk /dev/sdf: 7.3 TiB, 8001563222016 bytes, 15628053168 sectors\n",
    "Disklabel type: gpt\n",
    "Disk identifier: BE85F3A4-B6E5-4033-82F2-B3328877E7F2\n",
    "Disk /dev/sdg: 10.9 TiB, 12000138625024 bytes, 23437770752 sectors\n",
    "Disklabel type: gpt\n",
    "Disk identifier: 1083EF1D-7D34-5F4F-8C2E-9BD3CF6A8DA7\n",
    "Disk /dev/sdh: 10.9 TiB, 12000138625024 bytes, 23437770752 sectors\n",
    "Disk /dev/sdi: 10.9 TiB, 12000138625024 bytes, 23437770752 sectors\n",
    "Disklabel type: gpt\n",
    "Disk identifier: BDE22858-38FF-DC4A-B84A-CB088E7D400A\n",
    "Disk /dev/sdj: 7.3 TiB, 8001563222016 bytes, 15628053168 sectors\n",
    "Disklabel type: gpt\n",
    "Disk identifier: 737C40AC-73E9-4917-AE02-9BACBB26304A\n",
    "root@ONYX-0186:~# fdisk -l /dev/sd? | grep \"^Disk\" | grep \"10.9\"\n",
    "Disk /dev/sda: 10.9 TiB, 12000138625024 bytes, 23437770752 sectors\n",
    "Disk /dev/sdb: 10.9 TiB, 12000138625024 bytes, 23437770752 sectors\n",
    "Disk /dev/sdc: 10.9 TiB, 12000138625024 bytes, 23437770752 sectors\n",
    "Disk /dev/sdd: 10.9 TiB, 12000138625024 bytes, 23437770752 sectors\n",
    "Disk /dev/sde: 10.9 TiB, 12000138625024 bytes, 23437770752 sectors\n",
    "Disk /dev/sdg: 10.9 TiB, 12000138625024 bytes, 23437770752 sectors\n",
    "Disk /dev/sdh: 10.9 TiB, 12000138625024 bytes, 23437770752 sectors\n",
    "Disk /dev/sdi: 10.9 TiB, 12000138625024 bytes, 23437770752 sectors\n",
    "root@ONYX-0186:~# parted /dev/sda\n",
    "GNU Parted 3.2\n",
    "Using /dev/sda\n",
    "Welcome to GNU Parted! Type 'help' to view a list of commands.\n",
    "(parted) p                                                                \n",
    "Model: ST12000N QNAP (scsi)\n",
    "Disk /dev/sda: 12.0TB\n",
    "Sector size (logical/physical): 512B/4096B\n",
    "Partition Table: gpt\n",
    "Disk Flags: \n",
    "\n",
    "Number  Start   End     Size    File system  Name                  Flags\n",
    " 1      1049kB  12.0TB  12.0TB               zfs-39a93d162d62d2aa\n",
    " 9      12.0TB  12.0TB  8389kB\n",
    "\n",
    "(parted) rm 9 rm 1                                                        \n",
    "(parted) mkpart                                                           \n",
    "Partition name?  []? jbod1\n",
    "File system type?  [ext2]? xfs                                            \n",
    "Start? 0%                                                                 \n",
    "End? 100%                                                                 \n",
    "(parted) p                                                                \n",
    "Model: ST12000N QNAP (scsi)\n",
    "Disk /dev/sda: 12.0TB\n",
    "Sector size (logical/physical): 512B/4096B\n",
    "Partition Table: gpt\n",
    "Disk Flags: \n",
    "\n",
    "Number  Start   End     Size    File system  Name   Flags\n",
    " 1      1049kB  12.0TB  12.0TB  xfs          jbod1\n",
    "\n",
    "(parted) q                                                                \n",
    "Information: You may need to update /etc/fstab.\n",
    "\n",
    "root@ONYX-0186:~# fdisk -l /dev/sd? | grep \"^Disk\" | grep \"10.9\"          \n",
    "Disk /dev/sda: 10.9 TiB, 12000138625024 bytes, 23437770752 sectors\n",
    "Disk /dev/sdb: 10.9 TiB, 12000138625024 bytes, 23437770752 sectors\n",
    "Disk /dev/sdc: 10.9 TiB, 12000138625024 bytes, 23437770752 sectors\n",
    "Disk /dev/sdd: 10.9 TiB, 12000138625024 bytes, 23437770752 sectors\n",
    "Disk /dev/sde: 10.9 TiB, 12000138625024 bytes, 23437770752 sectors\n",
    "Disk /dev/sdg: 10.9 TiB, 12000138625024 bytes, 23437770752 sectors\n",
    "Disk /dev/sdh: 10.9 TiB, 12000138625024 bytes, 23437770752 sectors\n",
    "Disk /dev/sdi: 10.9 TiB, 12000138625024 bytes, 23437770752 sectors\n",
    "root@ONYX-0186:~# parted /dev/sdb\n",
    "GNU Parted 3.2\n",
    "Using /dev/sdb\n",
    "Welcome to GNU Parted! Type 'help' to view a list of commands.\n",
    "(parted) p                                                                \n",
    "Model: ST12000N QNAP (scsi)\n",
    "Disk /dev/sdb: 12.0TB\n",
    "Sector size (logical/physical): 512B/4096B\n",
    "Partition Table: gpt\n",
    "Disk Flags: \n",
    "\n",
    "Number  Start   End     Size    File system  Name                  Flags\n",
    " 1      1049kB  12.0TB  12.0TB               zfs-c4d539aab47d857f\n",
    " 9      12.0TB  12.0TB  8389kB\n",
    "\n",
    "(parted) rm 1 rm 9                                                        \n",
    "(parted) mkpart jbod2 xfs 0% 100%                                         \n",
    "(parted) p                                                                \n",
    "Model: ST12000N QNAP (scsi)\n",
    "Disk /dev/sdb: 12.0TB\n",
    "Sector size (logical/physical): 512B/4096B\n",
    "Partition Table: gpt\n",
    "Disk Flags: \n",
    "\n",
    "Number  Start   End     Size    File system  Name   Flags\n",
    " 1      1049kB  12.0TB  12.0TB  xfs          jbod2\n",
    "\n",
    "(parted) q                                                                \n",
    "Information: You may need to update /etc/fstab.\n",
    "\n",
    "root@ONYX-0186:~# parted /dev/sdc\n",
    "GNU Parted 3.2\n",
    "Using /dev/sdc\n",
    "Welcome to GNU Parted! Type 'help' to view a list of commands.\n",
    "(parted) rm 1 rm 9                                                        \n",
    "(parted) mkpart jbod3 xfs 0% 100%                                         \n",
    "(parted) p                                                                \n",
    "Model: ST12000N QNAP (scsi)\n",
    "Disk /dev/sdc: 12.0TB\n",
    "Sector size (logical/physical): 512B/4096B\n",
    "Partition Table: gpt\n",
    "Disk Flags: \n",
    "\n",
    "Number  Start   End     Size    File system  Name   Flags\n",
    " 1      33.6MB  12.0TB  12.0TB  xfs          jbod3\n",
    "\n",
    "(parted) q                                                                \n",
    "Information: You may need to update /etc/fstab.\n",
    "\n",
    "root@ONYX-0186:~# parted /dev/sdd\n",
    "GNU Parted 3.2\n",
    "Using /dev/sdd\n",
    "Welcome to GNU Parted! Type 'help' to view a list of commands.\n",
    "(parted) rm 1 rm 9                                                        \n",
    "(parted) mkpart jbod4 xfs 0% 100%\n",
    "(parted) p                                                                \n",
    "Model: ST12000N QNAP (scsi)\n",
    "Disk /dev/sdd: 12.0TB\n",
    "Sector size (logical/physical): 512B/4096B\n",
    "Partition Table: gpt\n",
    "Disk Flags: \n",
    "\n",
    "Number  Start   End     Size    File system  Name   Flags\n",
    " 1      33.6MB  12.0TB  12.0TB  xfs          jbod4\n",
    "\n",
    "(parted) q                                                                \n",
    "Information: You may need to update /etc/fstab.\n",
    "\n",
    "root@ONYX-0186:~# parted /dev/sde\n",
    "GNU Parted 3.2\n",
    "Using /dev/sde\n",
    "Welcome to GNU Parted! Type 'help' to view a list of commands.\n",
    "(parted) p                                                                \n",
    "Model: ST12000N QNAP (scsi)\n",
    "Disk /dev/sde: 12.0TB\n",
    "Sector size (logical/physical): 512B/4096B\n",
    "Partition Table: gpt\n",
    "Disk Flags: \n",
    "\n",
    "Number  Start   End     Size    File system  Name                  Flags\n",
    " 1      1049kB  12.0TB  12.0TB               zfs-2c2688d886919cc3\n",
    " 9      12.0TB  12.0TB  8389kB\n",
    "\n",
    "(parted) rm 9 rm 1                                                        \n",
    "(parted) mkpart jbod5 0% 100%\n",
    "(parted) p                                                                \n",
    "Model: ST12000N QNAP (scsi)\n",
    "Disk /dev/sde: 12.0TB\n",
    "Sector size (logical/physical): 512B/4096B\n",
    "Partition Table: gpt\n",
    "Disk Flags: \n",
    "\n",
    "Number  Start   End     Size    File system  Name   Flags\n",
    " 1      1049kB  12.0TB  12.0TB               jbod5\n",
    "\n",
    "(parted) q                                                                \n",
    "Information: You may need to update /etc/fstab.\n",
    "\n",
    "root@ONYX-0186:~# fdisk -l /dev/sd? | grep \"^Disk\" | grep \"10.9\"\n",
    "Partition 1 does not start on physical sector boundary.\n",
    "Partition 1 does not start on physical sector boundary.\n",
    "Disk /dev/sda: 10.9 TiB, 12000138625024 bytes, 23437770752 sectors\n",
    "Disk /dev/sdb: 10.9 TiB, 12000138625024 bytes, 23437770752 sectors\n",
    "Disk /dev/sdc: 10.9 TiB, 12000138625024 bytes, 23437770752 sectors\n",
    "Disk /dev/sdd: 10.9 TiB, 12000138625024 bytes, 23437770752 sectors\n",
    "Disk /dev/sde: 10.9 TiB, 12000138625024 bytes, 23437770752 sectors\n",
    "Disk /dev/sdg: 10.9 TiB, 12000138625024 bytes, 23437770752 sectors\n",
    "Disk /dev/sdh: 10.9 TiB, 12000138625024 bytes, 23437770752 sectors\n",
    "Disk /dev/sdi: 10.9 TiB, 12000138625024 bytes, 23437770752 sectors\n",
    "root@ONYX-0186:~# parted /dev/sdg\n",
    "GNU Parted 3.2\n",
    "Using /dev/sdg\n",
    "Welcome to GNU Parted! Type 'help' to view a list of commands.\n",
    "(parted) p                                                                \n",
    "Model: ST12000N QNAP (scsi)\n",
    "Disk /dev/sdg: 12.0TB\n",
    "Sector size (logical/physical): 512B/4096B\n",
    "Partition Table: gpt\n",
    "Disk Flags: \n",
    "\n",
    "Number  Start   End     Size    File system  Name                  Flags\n",
    " 1      1049kB  12.0TB  12.0TB               zfs-ebca7261666ac32b\n",
    " 9      12.0TB  12.0TB  8389kB\n",
    "\n",
    "(parted) rm 1 rm 9                                                        \n",
    "(parted) mkpart                                                           \n",
    "Partition name?  []? jbod6                                                \n",
    "File system type?  [ext2]? xfs                                            \n",
    "Start? 0%                                                                 \n",
    "End? 100%                                                                 \n",
    "(parted) p                                                                \n",
    "Model: ST12000N QNAP (scsi)\n",
    "Disk /dev/sdg: 12.0TB\n",
    "Sector size (logical/physical): 512B/4096B\n",
    "Partition Table: gpt\n",
    "Disk Flags: \n",
    "\n",
    "Number  Start   End     Size    File system  Name   Flags\n",
    " 1      1049kB  12.0TB  12.0TB  xfs          jbod6\n",
    "\n",
    "(parted) q                                                                \n",
    "Information: You may need to update /etc/fstab.\n",
    "\n",
    "root@ONYX-0186:~# parted /dev/sdh\n",
    "GNU Parted 3.2\n",
    "Using /dev/sdh\n",
    "Welcome to GNU Parted! Type 'help' to view a list of commands.\n",
    "(parted) rm 9 rm 1                                                        \n",
    "Error: /dev/sdh: unrecognised disk label\n",
    "(parted) mklabel gpt\n",
    "(parted) mkpart\n",
    "Partition name?  []? jbod7\n",
    "File system type?  [ext2]? xfs                                            \n",
    "Start? 0%                                                                 \n",
    "End? 100%                                                                 \n",
    "(parted) p                                                                \n",
    "Model: ST12000N QNAP (scsi)\n",
    "Disk /dev/sdh: 12.0TB\n",
    "Sector size (logical/physical): 512B/4096B\n",
    "Partition Table: gpt\n",
    "Disk Flags: \n",
    "\n",
    "Number  Start   End     Size    File system  Name   Flags\n",
    " 1      1049kB  12.0TB  12.0TB  xfs          jbod7\n",
    "\n",
    "(parted) q                                                                \n",
    "Information: You may need to update /etc/fstab.\n",
    "\n",
    "root@ONYX-0186:~# parted /dev/sdi\n",
    "GNU Parted 3.2\n",
    "Using /dev/sdi\n",
    "Welcome to GNU Parted! Type 'help' to view a list of commands.\n",
    "(parted) p                                                                \n",
    "Model: ST12000N QNAP (scsi)\n",
    "Disk /dev/sdi: 12.0TB\n",
    "Sector size (logical/physical): 512B/4096B\n",
    "Partition Table: gpt\n",
    "Disk Flags: \n",
    "\n",
    "Number  Start   End     Size    File system  Name                  Flags\n",
    " 1      1049kB  12.0TB  12.0TB               zfs-36f84ae7dff5f99b\n",
    " 9      12.0TB  12.0TB  8389kB\n",
    "\n",
    "(parted) rm 9 rm 1                                                        \n",
    "(parted) mkpart\n",
    "Partition name?  []? jbod8                                                \n",
    "File system type?  [ext2]? xfs                                            \n",
    "Start? 0%                                                                 \n",
    "End? 100%                                                                 \n",
    "(parted) p                                                                \n",
    "Model: ST12000N QNAP (scsi)\n",
    "Disk /dev/sdi: 12.0TB\n",
    "Sector size (logical/physical): 512B/4096B\n",
    "Partition Table: gpt\n",
    "Disk Flags: \n",
    "\n",
    "Number  Start   End     Size    File system  Name   Flags\n",
    " 1      1049kB  12.0TB  12.0TB  xfs          jbod8\n",
    "\n",
    "(parted) q                                                                \n",
    "Information: You may need to update /etc/fstab.\n",
    "\n",
    "root@ONYX-0186:~# partprobe                                               \n",
    "Warning: Error fsyncing/closing /dev/mmcblk0rpmb: Input/output error\n",
    "Warning: Error fsyncing/closing /dev/mmcblk0rpmb: Input/output error\n",
    "root@ONYX-0186:~# fdisk -l /dev/sdh\n",
    "Disk /dev/sdh: 10.9 TiB, 12000138625024 bytes, 23437770752 sectors\n",
    "Units: sectors of 1 * 512 = 512 bytes\n",
    "Sector size (logical/physical): 512 bytes / 4096 bytes\n",
    "I/O size (minimum/optimal): 4096 bytes / 4096 bytes\n",
    "Disklabel type: gpt\n",
    "Disk identifier: 79AF29FD-5E3D-448A-828B-8DD17E45B15D\n",
    "\n",
    "Device     Start         End     Sectors  Size Type\n",
    "/dev/sdh1   2048 23437768703 23437766656 10.9T Linux filesystem\n",
    "root@ONYX-0186:~# mdadm create /dev/md0 --level=6 --raid-devices=8 /dev/sda1 /dev/sdb1 /dev/sdc1 /dev/sdd1 /dev/sde1 /dev/sdg1 /dev/sdh1 /dev/sdi\n",
    "sdi   sdi1  \n",
    "root@ONYX-0186:~# mdadm create /dev/md0 --level=6 --raid-devices=8 /dev/sda1 /dev/sdb1 /dev/sdc1 /dev/sdd1 /dev/sde1 /dev/sdg1 /dev/sdh1 /dev/sdi1 \n",
    "mdadm: An option must be given to set the mode before a second device\n",
    "       (/dev/md0) is listed\n",
    "root@ONYX-0186:~# mdadm --create /dev/md0 --level=6 --raid-devices=8 /dev/sda1 /dev/sdb1 /dev/sdc1 /dev/sdd1 /dev/sde1 /dev/sdg1 /dev/sdh1 /dev/sdi1 \n",
    "modprobe: FATAL: Module md_mod not found in directory /lib/modules/4.9.140-tegra\n",
    "mdadm: Fail create md0 when using /sys/module/md_mod/parameters/new_array\n",
    "mdadm: unexpected failure opening /dev/md0\n",
    "root@ONYX-0186:~# modprobe md_mod\n",
    "modprobe: FATAL: Module md_mod not found in directory /lib/modules/4.9.140-tegra\n",
    "root@ONYX-0186:~# Connection to 192.168.10.6 closed by remote host.\n",
    "Connection to 192.168.10.6 closed.\n",
    "(base) kschoedl@Katelyns-MacBook-Pro ~ % \n"
   ]
  }
 ],
 "metadata": {
  "kernelspec": {
   "display_name": "Python 3 (ipykernel)",
   "language": "python",
   "name": "python3"
  },
  "language_info": {
   "codemirror_mode": {
    "name": "ipython",
    "version": 3
   },
   "file_extension": ".py",
   "mimetype": "text/x-python",
   "name": "python",
   "nbconvert_exporter": "python",
   "pygments_lexer": "ipython3",
   "version": "3.12.5"
  }
 },
 "nbformat": 4,
 "nbformat_minor": 5
}
